2026-08-07T02:49:23Z INF Thank you for trying Cloudflare Tunnel. Doing so, without a Cloudflare account, is a quick way to experiment and try it out. However, be aware that these account-less Tunnels have no uptime guarantee, are subject to the Cloudflare Online Services Terms of Use (https://www.cloudflare.com/website-terms/), and Cloudflare reserves the right to investigate your use of Tunnels for violations of such terms. If you intend to use Tunnels in production you should use a pre-created named tunnel by following: https://developers.cloudflare.com/cloudflare-one/connections/connect-apps
2026-08-07T02:49:23Z INF Requesting new quick Tunnel on trycloudflare.com...
2026-08-07T02:49:33Z INF +--------------------------------------------------------------------------------------------+
2026-08-07T02:49:33Z INF |  Your quick Tunnel has been created! Visit it at (it may take some time to be reachable):  |
2026-08-07T02:49:33Z INF |  https://null-translated-matching-truly.trycloudflare.com                                  |
2026-08-07T02:49:33Z INF +--------------------------------------------------------------------------------------------+
2026-08-07T02:49:33Z INF Cannot determine default configuration path. No file [config.yml config.yaml] in [~/.cloudflared ~/.cloudflare-warp ~/cloudflare-warp]
2026-08-07T02:49:33Z INF Version 2026.7.3 (Checksum 8635da433b6df8194746e88ed9d2589566c20e38bfc2a80e431a348b7c765841)
2026-08-07T02:49:33Z INF GOOS: windows, GOVersion: go1.26.4, GoArch: amd64
2026-08-07T02:49:33Z INF Settings: map[ha-connections:1 no-autoupdate:true protocol:quic url:http://localhost:5000]
2026-08-07T02:49:33Z INF cloudflared will not automatically update on Windows systems.
2026-08-07T02:49:33Z INF Generated Connector ID: 136f9646-b7cb-402e-8713-8d0d70ea2b17
2026-08-07T02:49:33Z INF Initial protocol quic
2026-08-07T02:49:33Z INF ICMP proxy will use 192.168.1.26 as source for IPv4
2026-08-07T02:49:33Z INF ICMP proxy will use 2001:ee0:5001:bd10:cbb:7460:8bb5:8374 in zone Wi-Fi as source for IPv6
2026-08-07T02:49:33Z INF cloudflared does not support loading the system root certificate pool on Windows. Please use --origin-ca-pool <PATH> to specify the path to the certificate pool
2026-08-07T02:49:33Z INF ICMP proxy will use 192.168.1.26 as source for IPv4
2026-08-07T02:49:33Z INF Tunnel connection curve preferences: [X25519MLKEM768 CurveID(65074) CurveP256] connIndex=0 event=0 ip=2606:4700:a8::6
2026-08-07T02:49:34Z INF ICMP proxy will use 2001:ee0:5001:bd10:cbb:7460:8bb5:8374 in zone Wi-Fi as source for IPv6
2026-08-07T02:49:34Z INF Starting metrics server on 127.0.0.1:20241/metrics
2026-08-07T02:49:34Z INF Registered tunnel connection connIndex=0 connection=7ecc6f38-a5eb-417c-9e78-aab20773f582 event=0 ip=2606:4700:a8::6 location=sin11 protocol=quic
2026-08-07T02:49:34Z INF +-------------------------------------------------------------------------------------+
2026-08-07T02:49:34Z INF |                               CONNECTIVITY PRE-CHECKS                               |
2026-08-07T02:49:34Z INF +-------------------------------------------------------------------------------------+
2026-08-07T02:49:34Z INF |  COMPONENT         TARGET                     STATUS  DETAILS                       |
2026-08-07T02:49:34Z INF |  DNS Resolution    region1.v2.argotunnel.com  PASS    DNS Resolved successfully     |
2026-08-07T02:49:34Z INF |  DNS Resolution    region2.v2.argotunnel.com  PASS    DNS Resolved successfully     |
2026-08-07T02:49:34Z INF |  UDP Connectivity  region1.v2.argotunnel.com  PASS    QUIC connection successful    |
2026-08-07T02:49:34Z INF |  UDP Connectivity  region2.v2.argotunnel.com  PASS    QUIC connection successful    |
2026-08-07T02:49:34Z INF |  TCP Connectivity  region1.v2.argotunnel.com  PASS    HTTP/2 connection successful  |
2026-08-07T02:49:34Z INF |  TCP Connectivity  region2.v2.argotunnel.com  PASS    HTTP/2 connection successful  |
2026-08-07T02:49:34Z INF |  Cloudflare API    api.cloudflare.com:443     PASS    API is reachable              |
2026-08-07T02:49:34Z INF |                                                                                     |
2026-08-07T02:49:34Z INF |  SUMMARY: Environment is healthy. cloudflared will use 'quic' as primary protocol.  |
2026-08-07T02:49:34Z INF +-------------------------------------------------------------------------------------+
2026-08-07T02:49:34Z INF precheck component="DNS Resolution" details="DNS Resolved successfully" run_id=785a28ef-1972-4546-b3ca-07b13394fcd3 status=pass target=region1.v2.argotunnel.com
2026-08-07T02:49:34Z INF precheck component="DNS Resolution" details="DNS Resolved successfully" run_id=785a28ef-1972-4546-b3ca-07b13394fcd3 status=pass target=region2.v2.argotunnel.com
2026-08-07T02:49:34Z INF precheck component="UDP Connectivity" details="QUIC connection successful" run_id=785a28ef-1972-4546-b3ca-07b13394fcd3 status=pass target=region1.v2.argotunnel.com
2026-08-07T02:49:34Z INF precheck component="UDP Connectivity" details="QUIC connection successful" run_id=785a28ef-1972-4546-b3ca-07b13394fcd3 status=pass target=region2.v2.argotunnel.com
2026-08-07T02:49:34Z INF precheck component="TCP Connectivity" details="HTTP/2 connection successful" run_id=785a28ef-1972-4546-b3ca-07b13394fcd3 status=pass target=region1.v2.argotunnel.com
2026-08-07T02:49:34Z INF precheck component="TCP Connectivity" details="HTTP/2 connection successful" run_id=785a28ef-1972-4546-b3ca-07b13394fcd3 status=pass target=region2.v2.argotunnel.com
2026-08-07T02:49:34Z INF precheck component="Cloudflare API" details="API is reachable" run_id=785a28ef-1972-4546-b3ca-07b13394fcd3 status=pass target=api.cloudflare.com:443
2026-08-07T02:49:34Z INF precheck complete hard_fail=false run_id=785a28ef-1972-4546-b3ca-07b13394fcd3 suggested_protocol=quic
2026-08-07T06:10:17Z INF Initiating graceful shutdown due to signal terminated ...
2026-08-07T06:10:17Z ERR failed to run the datagram handler error="context canceled" connIndex=0 event=0 ip=2606:4700:a8::6
2026-08-07T06:10:17Z ERR failed to serve tunnel connection error="accept stream listener encountered a failure while serving" connIndex=0 event=0 ip=2606:4700:a8::6
2026-08-07T06:10:17Z ERR Serve tunnel error error="accept stream listener encountered a failure while serving" connIndex=0 event=0 ip=2606:4700:a8::6
2026-08-07T06:10:17Z INF Retrying connection in up to 1s connIndex=0 event=0 ip=2606:4700:a8::6
2026-08-07T06:10:17Z ERR Connection terminated connIndex=0
2026-08-07T06:10:17Z ERR no more connections active and exiting
2026-08-07T06:10:17Z INF Tunnel server stopped
2026-08-07T06:10:17Z INF Metrics server stopped
